404_FAILURE|SafetyRatingsSource|https://www.iihs.org/ratings/vehicle/acura/integra/2000
404_FAILURE|CarEdgeSource|https://caredge.com/mercury/montego/maintenance
404_FAILURE|SafetyRatingsSource|https://www.iihs.org/ratings/vehicle/infiniti/m35h/2008
404_FAILURE|SafetyRatingsSource|https://www.iihs.org/ratings/vehicle/nissan/370z/2016
404_FAILURE|RepairPalSource|https://repairpal.com/reliability/subaru/b9
404_FAILURE|CarComplaintsSource|https://www.carcomplaints.com/BMW/8_Series/
404_FAILURE|CarEdgeSource|https://caredge.com/suzuki/sx4/maintenance
404_FAILURE|CarComplaintsSource|https://www.carcomplaints.com/BMW/8_Series/
404_FAILURE|SafetyRatingsSource|https://www.iihs.org/ratings/vehicle/gmc/canyon/2017
404_FAILURE|CarEdgeSource|https://caredge.com/oldsmobile/alero/maintenance
404_FAILURE|SafetyRatingsSource|https://www.iihs.org/ratings/vehicle/subaru/b9/2006
404_FAILURE|SafetyRatingsSource|https://www.iihs.org/ratings/vehicle/nissan/200sx/1998
404_FAILURE|SafetyRatingsSource|https://www.iihs.org/ratings/vehicle/bmw/8-series/9999
404_FAILURE|CarEdgeSource|https://caredge.com/saturn/sky/maintenance
404_FAILURE|CarEdgeSource|https://caredge.com/suzuki/verona/maintenance
404_FAILURE|SafetyRatingsSource|https://www.iihs.org/ratings/vehicle/saturn/sky/2008
404_FAILURE|SafetyRatingsSource|https://www.iihs.org/ratings/vehicle/mitsubishi/mirage/2018
404_FAILURE|CarEdgeSource|https://caredge.com/pontiac/g3/maintenance
404_FAILURE|RepairPalSource|https://repairpal.com/reliability/mercedes-benz/clk
404_FAILURE|SafetyRatingsSource|https://www.iihs.org/ratings/vehicle/jeep/commander/2009
404_FAILURE|CarComplaintsSource|https://www.carcomplaints.com/Mercedes-Benz/CLK/2008/
404_FAILURE|CarEdgeSource|https://caredge.com/oldsmobile/intrigue/maintenance
404_FAILURE|CarEdgeSource|https://caredge.com/mercury/milan/maintenance
404_FAILURE|RepairPalSource|https://repairpal.com/reliability/infiniti/g
404_FAILURE|SafetyRatingsSource|https://www.iihs.org/ratings/vehicle/chrysler/pacifica/2018
404_FAILURE|CarComplaintsSource|https://www.carcomplaints.com/Infiniti/G35/2012/
404_FAILURE|SafetyRatingsSource|https://www.iihs.org/ratings/vehicle/mercedes-benz/clk/2008
404_FAILURE|RepairPalSource|https://repairpal.com/reliability/chevrolet/ssr
404_FAILURE|CarEdgeSource|https://caredge.com/mercury/grand-marquis/maintenance
404_FAILURE|CarEdgeSource|https://caredge.com/mercury/grandmarquis/maintenance
404_FAILURE|SafetyRatingsSource|https://www.iihs.org/ratings/vehicle/lexus/es/2018
404_FAILURE|SafetyRatingsSource|https://www.iihs.org/ratings/vehicle/toyota/tercel/1996
404_FAILURE|SafetyRatingsSource|https://www.iihs.org/ratings/vehicle/volkswagen/cabrio/2001
404_FAILURE|SafetyRatingsSource|https://www.iihs.org/ratings/vehicle/kia/sephia/2000
404_FAILURE|SafetyRatingsSource|https://www.iihs.org/ratings/vehicle/ford/thunderbird/2004
404_FAILURE|SafetyRatingsSource|https://www.iihs.org/ratings/vehicle/audi/tt/2008
404_FAILURE|CarComplaintsSource|https://www.carcomplaints.com/Chevrolet/Silverado/2018/
404_FAILURE|SafetyRatingsSource|https://www.iihs.org/ratings/vehicle/chevrolet/silverado/2018
404_FAILURE|CarComplaintsSource|https://www.carcomplaints.com/BMW/3_Series/
404_FAILURE|CarComplaintsSource|https://www.carcomplaints.com/BMW/3_Series/
404_FAILURE|CarComplaintsSource|https://www.carcomplaints.com/Mercedes-Benz/E-Class/
404_FAILURE|CarComplaintsSource|https://www.carcomplaints.com/Mercedes-Benz/E-Class/
404_FAILURE|SafetyRatingsSource|https://www.iihs.org/ratings/vehicle/nissan/370z/2016
404_FAILURE|SafetyRatingsSource|https://www.iihs.org/ratings/vehicle/acura/integra/2000
404_FAILURE|CarEdgeSource|https://caredge.com/mercury/montego/maintenance
404_FAILURE|SafetyRatingsSource|https://www.iihs.org/ratings/vehicle/nissan/370z/2016
404_FAILURE|SafetyRatingsSource|https://www.iihs.org/ratings/vehicle/infiniti/m35h/2008
404_FAILURE|RepairPalSource|https://repairpal.com/reliability/subaru/b9
404_FAILURE|CarComplaintsSource|https://www.carcomplaints.com/BMW/8_Series/
404_FAILURE|CarEdgeSource|https://caredge.com/suzuki/sx4/maintenance
404_FAILURE|CarComplaintsSource|https://www.carcomplaints.com/BMW/8_Series/
404_FAILURE|SafetyRatingsSource|https://www.iihs.org/ratings/vehicle/gmc/canyon/2017
404_FAILURE|CarEdgeSource|https://caredge.com/oldsmobile/alero/maintenance
404_FAILURE|SafetyRatingsSource|https://www.iihs.org/ratings/vehicle/subaru/b9/2006
404_FAILURE|SafetyRatingsSource|https://www.iihs.org/ratings/vehicle/nissan/200sx/1998
404_FAILURE|SafetyRatingsSource|https://www.iihs.org/ratings/vehicle/bmw/8-series/9999
404_FAILURE|CarEdgeSource|https://caredge.com/suzuki/verona/maintenance
404_FAILURE|CarEdgeSource|https://caredge.com/saturn/sky/maintenance
404_FAILURE|SafetyRatingsSource|https://www.iihs.org/ratings/vehicle/saturn/sky/2008
404_FAILURE|SafetyRatingsSource|https://www.iihs.org/ratings/vehicle/mitsubishi/mirage/2018
404_FAILURE|CarEdgeSource|https://caredge.com/pontiac/g3/maintenance
404_FAILURE|RepairPalSource|https://repairpal.com/reliability/mercedes-benz/clk
404_FAILURE|SafetyRatingsSource|https://www.iihs.org/ratings/vehicle/jeep/commander/2009
404_FAILURE|CarComplaintsSource|https://www.carcomplaints.com/Mercedes-Benz/CLK/2008/
404_FAILURE|CarEdgeSource|https://caredge.com/oldsmobile/intrigue/maintenance
404_FAILURE|CarEdgeSource|https://caredge.com/mercury/milan/maintenance
404_FAILURE|RepairPalSource|https://repairpal.com/reliability/infiniti/g
404_FAILURE|SafetyRatingsSource|https://www.iihs.org/ratings/vehicle/chrysler/pacifica/2018
404_FAILURE|CarComplaintsSource|https://www.carcomplaints.com/Infiniti/G35/2012/
404_FAILURE|SafetyRatingsSource|https://www.iihs.org/ratings/vehicle/mercedes-benz/clk/2008
404_FAILURE|CarEdgeSource|https://caredge.com/mercury/grand-marquis/maintenance
404_FAILURE|CarEdgeSource|https://caredge.com/mercury/grandmarquis/maintenance
404_FAILURE|SafetyRatingsSource|https://www.iihs.org/ratings/vehicle/lexus/es/2018
404_FAILURE|SafetyRatingsSource|https://www.iihs.org/ratings/vehicle/volkswagen/cabrio/2001
404_FAILURE|RepairPalSource|https://repairpal.com/reliability/chevrolet/ssr
404_FAILURE|SafetyRatingsSource|https://www.iihs.org/ratings/vehicle/toyota/tercel/1996
404_FAILURE|SafetyRatingsSource|https://www.iihs.org/ratings/vehicle/kia/sephia/2000
404_FAILURE|CarComplaintsSource|https://www.carcomplaints.com/Chevrolet/C_K/
404_FAILURE|SafetyRatingsSource|https://www.iihs.org/ratings/vehicle/ford/thunderbird/2004
404_FAILURE|RepairPalSource|https://repairpal.com/reliability/chevrolet/c-k
404_FAILURE|CarComplaintsSource|https://www.carcomplaints.com/Chevrolet/C_K/
404_FAILURE|CarEdgeSource|https://caredge.com/saab/9-5/maintenance
404_FAILURE|CarEdgeSource|https://caredge.com/saab/95/maintenance
404_FAILURE|CarComplaintsSource|https://www.carcomplaints.com/Jaguar/X-Type/
404_FAILURE|CarComplaintsSource|https://www.carcomplaints.com/Infiniti/FX/
404_FAILURE|SafetyRatingsSource|https://www.iihs.org/ratings/vehicle/lexus/lx/2008
404_FAILURE|RepairPalSource|https://repairpal.com/reliability/infiniti/fx
404_FAILURE|CarComplaintsSource|https://www.carcomplaints.com/Jaguar/X-Type/
404_FAILURE|CarComplaintsSource|https://www.carcomplaints.com/Infiniti/FX/
404_FAILURE|CarComplaintsSource|https://www.carcomplaints.com/Volkswagen/GTI/2017/
404_FAILURE|SafetyRatingsSource|https://www.iihs.org/ratings/vehicle/honda/insight/2012
404_FAILURE|SafetyRatingsSource|https://www.iihs.org/ratings/vehicle/chevrolet/c-k/1999
404_FAILURE|SafetyRatingsSource|https://www.iihs.org/ratings/vehicle/audi/tt/2008
404_FAILURE|CarComplaintsSource|https://www.carcomplaints.com/Volkswagen/R32/
404_FAILURE|SafetyRatingsSource|https://www.iihs.org/ratings/vehicle/jaguar/xj/2014
404_FAILURE|CarEdgeSource|https://caredge.com/mercury/sable/maintenance
404_FAILURE|CarComplaintsSource|https://www.carcomplaints.com/Volkswagen/R32/
404_FAILURE|SafetyRatingsSource|https://www.iihs.org/ratings/vehicle/bmw/m5/2007
404_FAILURE|CarEdgeSource|https://caredge.com/saturn/outlook/maintenance
404_FAILURE|CarComplaintsSource|https://www.carcomplaints.com/GMC/Sierra/2018/
404_FAILURE|CarEdgeSource|https://caredge.com/pontiac/sunfire/maintenance
404_FAILURE|SafetyRatingsSource|https://www.iihs.org/ratings/vehicle/volkswagen/r32/9999
404_FAILURE|SafetyRatingsSource|https://www.iihs.org/ratings/vehicle/pontiac/sunfire/2004
404_FAILURE|CarEdgeSource|https://caredge.com/mercury/tracer/maintenance
404_FAILURE|CarComplaintsSource|https://www.carcomplaints.com/Lincoln/Continental/2016/
404_FAILURE|CarEdgeSource|https://caredge.com/oldsmobile/cutlass/maintenance
404_FAILURE|CarEdgeSource|https://caredge.com/hummer/h3/maintenance
404_FAILURE|CarEdgeSource|https://caredge.com/mercury/monterey/maintenance
404_FAILURE|SafetyRatingsSource|https://www.iihs.org/ratings/vehicle/lincoln/continental/2016
404_FAILURE|SafetyRatingsSource|https://www.iihs.org/ratings/vehicle/nissan/pickup/1996
404_FAILURE|CarComplaintsSource|https://www.carcomplaints.com/Mercedes-Benz/E-Class/
404_FAILURE|CarComplaintsSource|https://www.carcomplaints.com/Mercedes-Benz/E-Class/
404_FAILURE|SafetyRatingsSource|https://www.iihs.org/ratings/vehicle/gmc/sierra/2018
404_FAILURE|CarEdgeSource|https://caredge.com/pontiac/vibe/maintenance
404_FAILURE|CarComplaintsSource|https://www.carcomplaints.com/Mercedes-Benz/CL/
404_FAILURE|RepairPalSource|https://repairpal.com/reliability/mercedes-benz/cl
404_FAILURE|CarComplaintsSource|https://www.carcomplaints.com/Mercedes-Benz/CL/
404_FAILURE|SafetyRatingsSource|https://www.iihs.org/ratings/vehicle/bmw/x6/2015
404_FAILURE|SafetyRatingsSource|https://www.iihs.org/ratings/vehicle/infiniti/qx/2012
404_FAILURE|SafetyRatingsSource|https://www.iihs.org/ratings/vehicle/audi/s5/2013
404_FAILURE|RepairPalSource|https://repairpal.com/reliability/pontiac/fiero
404_FAILURE|SafetyRatingsSource|https://www.iihs.org/ratings/vehicle/mitsubishi/eclipse/2011
404_FAILURE|CarComplaintsSource|https://www.carcomplaints.com/Saturn/S-Series/
404_FAILURE|CarEdgeSource|https://caredge.com/pontiac/fiero/maintenance
404_FAILURE|CarEdgeSource|https://caredge.com/suzuki/kizashi/maintenance
404_FAILURE|SafetyRatingsSource|https://www.iihs.org/ratings/vehicle/pontiac/fiero/1995
404_FAILURE|CarComplaintsSource|https://www.carcomplaints.com/Saturn/S-Series/
404_FAILURE|SafetyRatingsSource|https://www.iihs.org/ratings/vehicle/porsche/cayenne/2016
404_FAILURE|SafetyRatingsSource|https://www.iihs.org/ratings/vehicle/cadillac/deville/2004
404_FAILURE|CarEdgeSource|https://caredge.com/saturn/s-series/maintenance
404_FAILURE|CarEdgeSource|https://caredge.com/saturn/sseries/maintenance
404_FAILURE|SafetyRatingsSource|https://www.iihs.org/ratings/vehicle/saturn/s-series/2001
404_FAILURE|CarEdgeSource|https://caredge.com/pontiac/gto/maintenance
404_FAILURE|CarEdgeSource|https://caredge.com/pontiac/bonneville/maintenance
404_FAILURE|SafetyRatingsSource|https://www.iihs.org/ratings/vehicle/mercedes-benz/cl/2008
404_FAILURE|SafetyRatingsSource|https://www.iihs.org/ratings/vehicle/pontiac/gto/2005
404_FAILURE|CarComplaintsSource|https://www.carcomplaints.com/BMW/6_Series/
404_FAILURE|SafetyRatingsSource|https://www.iihs.org/ratings/vehicle/volvo/xc70/2011
404_FAILURE|CarComplaintsSource|https://www.carcomplaints.com/BMW/6_Series/
404_FAILURE|SafetyRatingsSource|https://www.iihs.org/ratings/vehicle/audi/s4/2014
404_FAILURE|SafetyRatingsSource|https://www.iihs.org/ratings/vehicle/ford/e-series/2013
404_FAILURE|CarEdgeSource|https://caredge.com/suzuki/xl-7/maintenance
404_FAILURE|CarEdgeSource|https://caredge.com/suzuki/xl7/maintenance
404_FAILURE|CarComplaintsSource|https://www.carcomplaints.com/Dodge/Ram_1500/2017/
404_FAILURE|CarComplaintsSource|https://www.carcomplaints.com/Toyota/xB/
404_FAILURE|SafetyRatingsSource|https://www.iihs.org/ratings/vehicle/suzuki/xl-7/2007
404_FAILURE|RepairPalSource|https://repairpal.com/reliability/toyota/xb
404_FAILURE|SafetyRatingsSource|https://www.iihs.org/ratings/vehicle/lexus/hs/2012
404_FAILURE|CarComplaintsSource|https://www.carcomplaints.com/Toyota/xB/
404_FAILURE|CarEdgeSource|https://caredge.com/pontiac/grand-am/maintenance
404_FAILURE|CarEdgeSource|https://caredge.com/pontiac/grandam/maintenance
404_FAILURE|CarComplaintsSource|https://www.carcomplaints.com/BMW/1_Series/
404_FAILURE|SafetyRatingsSource|https://www.iihs.org/ratings/vehicle/chrysler/concorde/2003
404_FAILURE|SafetyRatingsSource|https://www.iihs.org/ratings/vehicle/dodge/ram/2017
404_FAILURE|CarComplaintsSource|https://www.carcomplaints.com/BMW/1_Series/
404_FAILURE|SafetyRatingsSource|https://www.iihs.org/ratings/vehicle/bmw/6-series/2015
404_FAILURE|SafetyRatingsSource|https://www.iihs.org/ratings/vehicle/dodge/dakota/2010
404_FAILURE|SafetyRatingsSource|https://www.iihs.org/ratings/vehicle/toyota/xb/9999
404_FAILURE|RepairPalSource|https://repairpal.com/reliability/gmc/sonoma
404_FAILURE|CarComplaintsSource|https://www.carcomplaints.com/Lexus/LS/
404_FAILURE|RepairPalSource|https://repairpal.com/reliability/lexus/ls
404_FAILURE|CarComplaintsSource|https://www.carcomplaints.com/Lexus/LS/
404_FAILURE|SafetyRatingsSource|https://www.iihs.org/ratings/vehicle/ford/excursion/2004
404_FAILURE|SafetyRatingsSource|https://www.iihs.org/ratings/vehicle/bmw/1-series/2012
404_FAILURE|CarComplaintsSource|https://www.carcomplaints.com/Chevrolet/Suburban_1500/
404_FAILURE|CarEdgeSource|https://caredge.com/pontiac/g8/maintenance
404_FAILURE|CarComplaintsSource|https://www.carcomplaints.com/Chevrolet/Suburban_1500/
404_FAILURE|CarEdgeSource|https://caredge.com/pontiac/montana/maintenance
404_FAILURE|RepairPalSource|https://repairpal.com/reliability/lexus/gx
404_FAILURE|CarComplaintsSource|https://www.carcomplaints.com/Lexus/GX/2015/
404_FAILURE|SafetyRatingsSource|https://www.iihs.org/ratings/vehicle/pontiac/montana/2005
404_FAILURE|SafetyRatingsSource|https://www.iihs.org/ratings/vehicle/ford/f-series/2018
404_FAILURE|CarComplaintsSource|https://www.carcomplaints.com/Mazda/Mazda5/
404_FAILURE|RepairPalSource|https://repairpal.com/reliability/mazda/mazda5
404_FAILURE|CarComplaintsSource|https://www.carcomplaints.com/Mazda/Mazda5/
404_FAILURE|CarEdgeSource|https://caredge.com/saturn/vue/maintenance
404_FAILURE|CarComplaintsSource|https://www.carcomplaints.com/Hyundai/XG/
404_FAILURE|RepairPalSource|https://repairpal.com/reliability/hyundai/xg
404_FAILURE|SafetyRatingsSource|https://www.iihs.org/ratings/vehicle/lexus/gx/2015
404_FAILURE|CarComplaintsSource|https://www.carcomplaints.com/Hyundai/XG/
404_FAILURE|CarEdgeSource|https://caredge.com/pontiac/aztek/maintenance
404_FAILURE|SafetyRatingsSource|https://www.iihs.org/ratings/vehicle/mazda/mazda5/2014
404_FAILURE|CarComplaintsSource|https://www.carcomplaints.com/BMW/M6/2007/
404_FAILURE|SafetyRatingsSource|https://www.iihs.org/ratings/vehicle/porsche/911/2014
404_FAILURE|SafetyRatingsSource|https://www.iihs.org/ratings/vehicle/hyundai/xg/2004
404_FAILURE|RepairPalSource|https://repairpal.com/reliability/nissan/nv
404_FAILURE|SafetyRatingsSource|https://www.iihs.org/ratings/vehicle/bmw/m6/2007
404_FAILURE|CarComplaintsSource|https://www.carcomplaints.com/Nissan/NV/2018/
404_FAILURE|CarComplaintsSource|https://www.carcomplaints.com/Volvo/940/1997/
404_FAILURE|RepairPalSource|https://repairpal.com/reliability/mazda/mx-5
404_FAILURE|SafetyRatingsSource|https://www.iihs.org/ratings/vehicle/volvo/900-series/1997
404_FAILURE|SafetyRatingsSource|https://www.iihs.org/ratings/vehicle/nissan/nv/2018
404_FAILURE|CarComplaintsSource|https://www.carcomplaints.com/Toyota/xD/
404_FAILURE|SafetyRatingsSource|https://www.iihs.org/ratings/vehicle/toyota/celica/2004
404_FAILURE|SafetyRatingsSource|https://www.iihs.org/ratings/vehicle/land-rover/defender/2024
404_FAILURE|RepairPalSource|https://repairpal.com/reliability/toyota/xd
404_FAILURE|CarComplaintsSource|https://www.carcomplaints.com/Infiniti/M/
404_FAILURE|CarComplaintsSource|https://www.carcomplaints.com/Toyota/xD/
404_FAILURE|RepairPalSource|https://repairpal.com/reliability/infiniti/m
404_FAILURE|CarComplaintsSource|https://www.carcomplaints.com/Infiniti/M/
404_FAILURE|SafetyRatingsSource|https://www.iihs.org/ratings/vehicle/dodge/viper/2017
404_FAILURE|SafetyRatingsSource|https://www.iihs.org/ratings/vehicle/mazda/mx-5/2016
404_FAILURE|SafetyRatingsSource|https://www.iihs.org/ratings/vehicle/jaguar/xf/2016
404_FAILURE|CarEdgeSource|https://caredge.com/saturn/relay/maintenance
404_FAILURE|SafetyRatingsSource|https://www.iihs.org/ratings/vehicle/land-rover/range-rover/2021
404_FAILURE|SafetyRatingsSource|https://www.iihs.org/ratings/vehicle/toyota/xd/9999
404_FAILURE|SafetyRatingsSource|https://www.iihs.org/ratings/vehicle/infiniti/m/2012
404_FAILURE|CarEdgeSource|https://caredge.com/mercury/mystique/maintenance
404_FAILURE|CarComplaintsSource|https://www.carcomplaints.com/Infiniti/I/
404_FAILURE|SafetyRatingsSource|https://www.iihs.org/ratings/vehicle/volvo/v70/2007
404_FAILURE|RepairPalSource|https://repairpal.com/reliability/infiniti/i
404_FAILURE|CarComplaintsSource|https://www.carcomplaints.com/Infiniti/I/
404_FAILURE|CarEdgeSource|https://caredge.com/saab/9-2x/maintenance
404_FAILURE|CarEdgeSource|https://caredge.com/saab/92x/maintenance
404_FAILURE|CarComplaintsSource|https://www.carcomplaints.com/Mazda/Mazda2/
404_FAILURE|RepairPalSource|https://repairpal.com/reliability/mazda/mazda2
404_FAILURE|CarComplaintsSource|https://www.carcomplaints.com/Mazda/Mazda2/
404_FAILURE|CarComplaintsSource|https://www.carcomplaints.com/Mitsubishi/3000GT/
404_FAILURE|CarComplaintsSource|https://www.carcomplaints.com/Chevrolet/Suburban_1500/
404_FAILURE|CarComplaintsSource|https://www.carcomplaints.com/Mitsubishi/3000GT/
404_FAILURE|CarComplaintsSource|https://www.carcomplaints.com/Chevrolet/Suburban_1500/
404_FAILURE|CarComplaintsSource|https://www.carcomplaints.com/Toyota/ECHO/
404_FAILURE|CarComplaintsSource|https://www.carcomplaints.com/Saturn/L-Series/
404_FAILURE|CarComplaintsSource|https://www.carcomplaints.com/Saturn/L-Series/
404_FAILURE|CarComplaintsSource|https://www.carcomplaints.com/Toyota/ECHO/
404_FAILURE|CarComplaintsSource|https://www.carcomplaints.com/Lexus/SC/
404_FAILURE|RepairPalSource|https://repairpal.com/reliability/lexus/sc
404_FAILURE|CarEdgeSource|https://caredge.com/saturn/l-series/maintenance
404_FAILURE|CarComplaintsSource|https://www.carcomplaints.com/Lexus/SC/
404_FAILURE|CarEdgeSource|https://caredge.com/saturn/lseries/maintenance
404_FAILURE|CarComplaintsSource|https://www.carcomplaints.com/Toyota/FJ/
404_FAILURE|CarEdgeSource|https://caredge.com/suzuki/aerio/maintenance
404_FAILURE|RepairPalSource|https://repairpal.com/reliability/toyota/fj
404_FAILURE|RepairPalSource|https://repairpal.com/reliability/subaru/baja
404_FAILURE|CarComplaintsSource|https://www.carcomplaints.com/Toyota/FJ/
404_FAILURE|CarComplaintsSource|https://www.carcomplaints.com/Mazda/B_Series/
404_FAILURE|RepairPalSource|https://repairpal.com/reliability/mazda/b-series
404_FAILURE|CarComplaintsSource|https://www.carcomplaints.com/Mazda/B_Series/
404_FAILURE|CarEdgeSource|https://caredge.com/saab/9-3/maintenance
404_FAILURE|CarEdgeSource|https://caredge.com/saab/93/maintenance
404_FAILURE|CarComplaintsSource|https://www.carcomplaints.com/BMW/3_Series/
404_FAILURE|CarComplaintsSource|https://www.carcomplaints.com/BMW/3_Series/
404_FAILURE|CarComplaintsSource|https://www.carcomplaints.com/Lincoln/Blackwood/
404_FAILURE|CarEdgeSource|https://caredge.com/mercury/villager/maintenance
404_FAILURE|CarEdgeSource|https://caredge.com/oldsmobile/aurora/maintenance
404_FAILURE|CarComplaintsSource|https://www.carcomplaints.com/Lincoln/Blackwood/
404_FAILURE|CarComplaintsSource|https://www.carcomplaints.com/Toyota/FR-S/
404_FAILURE|RepairPalSource|https://repairpal.com/reliability/toyota/fr-s
404_FAILURE|CarComplaintsSource|https://www.carcomplaints.com/Toyota/FR-S/
404_FAILURE|CarEdgeSource|https://caredge.com/pontiac/torrent/maintenance
404_FAILURE|CarComplaintsSource|https://www.carcomplaints.com/Chevrolet/Astro/
404_FAILURE|CarComplaintsSource|https://www.carcomplaints.com/Chevrolet/Astro/
404_FAILURE|CarComplaintsSource|https://www.carcomplaints.com/Toyota/tC/
404_FAILURE|RepairPalSource|https://repairpal.com/reliability/toyota/tc
404_FAILURE|CarComplaintsSource|https://www.carcomplaints.com/Toyota/tC/
404_FAILURE|CarEdgeSource|https://caredge.com/pontiac/g5/maintenance
404_FAILURE|RepairPalSource|https://repairpal.com/reliability/chevrolet/express
404_FAILURE|CarEdgeSource|https://caredge.com/saab/900/maintenance
404_FAILURE|CarComplaintsSource|https://www.carcomplaints.com/Chrysler/Town_and_Country/
404_FAILURE|RepairPalSource|https://repairpal.com/reliability/chrysler/town-and-country
404_FAILURE|CarComplaintsSource|https://www.carcomplaints.com/Chrysler/Town_and_Country/
404_FAILURE|CarEdgeSource|https://caredge.com/hummer/h2/maintenance
404_FAILURE|CarEdgeSource|https://caredge.com/suzuki/reno/maintenance
404_FAILURE|CarComplaintsSource|https://www.carcomplaints.com/Chevrolet/TrailBlazer/
404_FAILURE|CarComplaintsSource|https://www.carcomplaints.com/Chevrolet/TrailBlazer/
404_FAILURE|CarComplaintsSource|https://www.carcomplaints.com/Chevrolet/Silverado/2018/
404_FAILURE|CarComplaintsSource|https://www.carcomplaints.com/Infiniti/EX/
404_FAILURE|RepairPalSource|https://repairpal.com/reliability/dodge/sprinter
404_FAILURE|RepairPalSource|https://repairpal.com/reliability/infiniti/ex
404_FAILURE|CarComplaintsSource|https://www.carcomplaints.com/Infiniti/EX/
404_FAILURE|CarComplaintsSource|https://www.carcomplaints.com/BMW/7_Series/
404_FAILURE|CarComplaintsSource|https://www.carcomplaints.com/Mercedes-Benz/S-Class/2016/
404_FAILURE|CarComplaintsSource|https://www.carcomplaints.com/BMW/7_Series/
404_FAILURE|CarEdgeSource|https://caredge.com/pontiac/g6/maintenance
404_FAILURE|RepairPalSource|https://repairpal.com/reliability/mercedes-benz/cls
404_FAILURE|CarComplaintsSource|https://www.carcomplaints.com/Mercedes-Benz/CLS/2013/
404_FAILURE|CarComplaintsSource|https://www.carcomplaints.com/Mercedes-Benz/C-Class/
404_FAILURE|CarComplaintsSource|https://www.carcomplaints.com/Mercedes-Benz/C-Class/
404_FAILURE|CarEdgeSource|https://caredge.com/saab/9-7x/maintenance
404_FAILURE|CarEdgeSource|https://caredge.com/saab/97x/maintenance
404_FAILURE|CarComplaintsSource|https://www.carcomplaints.com/Mercedes-Benz/SL-Class/
404_FAILURE|CarComplaintsSource|https://www.carcomplaints.com/Mercedes-Benz/SL-Class/
404_FAILURE|CarComplaintsSource|https://www.carcomplaints.com/Chevrolet/S-10/
404_FAILURE|RepairPalSource|https://repairpal.com/reliability/chevrolet/s-10
404_FAILURE|CarComplaintsSource|https://www.carcomplaints.com/Chevrolet/S-10/
404_FAILURE|CarEdgeSource|https://caredge.com/saturn/aura/maintenance
404_FAILURE|CarComplaintsSource|https://www.carcomplaints.com/Mazda/Mazda3/
404_FAILURE|CarComplaintsSource|https://www.carcomplaints.com/Mazda/Mazda3/
404_FAILURE|CarComplaintsSource|https://www.carcomplaints.com/Toyota/xA/
404_FAILURE|RepairPalSource|https://repairpal.com/reliability/toyota/xa
404_FAILURE|CarComplaintsSource|https://www.carcomplaints.com/Toyota/xA/
404_FAILURE|CarComplaintsSource|https://www.carcomplaints.com/Mercedes-Benz/G-Wagen/
404_FAILURE|CarComplaintsSource|https://www.carcomplaints.com/Mercedes-Benz/G-Wagen/
404_FAILURE|CarEdgeSource|https://caredge.com/mercury/marauder/maintenance
404_FAILURE|CarEdgeSource|https://caredge.com/pontiac/grand-prix/maintenance
404_FAILURE|CarEdgeSource|https://caredge.com/pontiac/grandprix/maintenance
404_FAILURE|CarEdgeSource|https://caredge.com/oldsmobile/silhouette/maintenance
404_FAILURE|CarComplaintsSource|https://www.carcomplaints.com/Lexus/IS_250/2018/
404_FAILURE|CarComplaintsSource|https://www.carcomplaints.com/Jaguar/S-Type/
404_FAILURE|CarComplaintsSource|https://www.carcomplaints.com/Jaguar/S-Type/
404_FAILURE|CarEdgeSource|https://caredge.com/suzuki/esteem/maintenance
404_FAILURE|CarComplaintsSource|https://www.carcomplaints.com/Oldsmobile/88/
404_FAILURE|CarComplaintsSource|https://www.carcomplaints.com/Oldsmobile/88/
404_FAILURE|CarEdgeSource|https://caredge.com/oldsmobile/eighty-eight/maintenance
404_FAILURE|CarEdgeSource|https://caredge.com/oldsmobile/eightyeight/maintenance
404_FAILURE|CarComplaintsSource|https://www.carcomplaints.com/Oldsmobile/98/
404_FAILURE|CarComplaintsSource|https://www.carcomplaints.com/Oldsmobile/98/
404_FAILURE|CarEdgeSource|https://caredge.com/oldsmobile/ninety-eight/maintenance
404_FAILURE|CarEdgeSource|https://caredge.com/oldsmobile/ninetyeight/maintenance
404_FAILURE|CarComplaintsSource|https://www.carcomplaints.com/BMW/5_Series/
404_FAILURE|CarComplaintsSource|https://www.carcomplaints.com/BMW/5_Series/
404_FAILURE|CarComplaintsSource|https://www.carcomplaints.com/Toyota/iQ/
404_FAILURE|RepairPalSource|https://repairpal.com/reliability/toyota/iq
404_FAILURE|CarComplaintsSource|https://www.carcomplaints.com/Toyota/iQ/
404_FAILURE|CarEdgeSource|https://caredge.com/mercury/cougar/maintenance
404_FAILURE|CarEdgeSource|https://caredge.com/oldsmobile/bravada/maintenance
404_FAILURE|CarEdgeSource|https://caredge.com/suzuki/forenza/maintenance
404_FAILURE|CarEdgeSource|https://caredge.com/oldsmobile/achieva/maintenance
404_FAILURE|CarComplaintsSource|https://www.carcomplaints.com/Mercedes-Benz/R_Class/
404_FAILURE|RepairPalSource|https://repairpal.com/reliability/mercedes-benz/r-class
404_FAILURE|CarComplaintsSource|https://www.carcomplaints.com/Mercedes-Benz/R_Class/
404_FAILURE|CarComplaintsSource|https://www.carcomplaints.com/Mercedes-Benz/M-Class/
404_FAILURE|CarComplaintsSource|https://www.carcomplaints.com/Mercedes-Benz/M-Class/
404_FAILURE|CarComplaintsSource|https://www.carcomplaints.com/Honda/Ridgeline/2016/
404_FAILURE|CarComplaintsSource|https://www.carcomplaints.com/Mercedes-Benz/SLK-Class/
404_FAILURE|CarComplaintsSource|https://www.carcomplaints.com/Mercedes-Benz/SLK-Class/
404_FAILURE|CarEdgeSource|https://caredge.com/pontiac/firebird/maintenance
404_FAILURE|CarEdgeSource|https://caredge.com/suzuki/grand-vitara/maintenance
404_FAILURE|CarEdgeSource|https://caredge.com/suzuki/grandvitara/maintenance
404_FAILURE|RepairPalSource|https://repairpal.com/reliability/gmc/savana
404_FAILURE|CarComplaintsSource|https://www.carcomplaints.com/Lincoln/Mark/
404_FAILURE|CarComplaintsSource|https://www.carcomplaints.com/Lincoln/Mark/
404_FAILURE|RepairPalSource|https://repairpal.com/reliability/hummer/h1
404_FAILURE|CarEdgeSource|https://caredge.com/saturn/astra/maintenance
404_FAILURE|CarEdgeSource|https://caredge.com/hummer/h1/maintenance
404_FAILURE|CarEdgeSource|https://caredge.com/suzuki/vitara/maintenance
404_FAILURE|CarEdgeSource|https://caredge.com/mercury/mariner/maintenance
404_FAILURE|CarComplaintsSource|https://www.carcomplaints.com/Mercedes-Benz/GL-Class/
404_FAILURE|CarComplaintsSource|https://www.carcomplaints.com/Mercedes-Benz/GL-Class/
404_FAILURE|CarEdgeSource|https://caredge.com/pontiac/solstice/maintenance
404_FAILURE|CarComplaintsSource|https://www.carcomplaints.com/Mazda/Mazda6/
404_FAILURE|CarComplaintsSource|https://www.carcomplaints.com/Mazda/Mazda6/
404_FAILURE|CarComplaintsSource|https://www.carcomplaints.com/Volvo/S70/1999/
404_FAILURE|SafetyRatingsSource|https://www.iihs.org/ratings/vehicle/toyota/tundra/2018
404_FAILURE|SafetyRatingsSource|https://www.iihs.org/ratings/vehicle/chrysler/voyager/2002
404_FAILURE|CarEdgeSource|https://caredge.com/saturn/ion/maintenance
404_FAILURE|CarEdgeSource|https://caredge.com/mercury/mountaineer/maintenance
